// Jest Snapshot v1, https://goo.gl/fbAQLP

exports[`resources layer spec renders correctly while active 1`] = `
<div
  className="app-loader__active "
>
  <div
    className="app-loader__spinner"
  >
    <svg
      dangerouslySetInnerHTML={
        Object {
          "__html": "<g transform=\\"translate(25,25) rotate(-90)\\"><path d=\\"M0,25A25,25 0 1,1 0,-25A25,25 0 1,1 0,25M0,20A20,20 0 1,0 0,-20A20,20 0 1,0 0,20Z\\" style=\\"fill: rgb(255, 255, 255); stroke: rgb(204, 204, 204);\\"></path><path class=\\"foreground\\" d=\\"M1.5308084989341915e-15,-25A25,25 0 0,1 25,0L20,0A20,20 0 0,0 1.2246467991473533e-15,-20Z\\" style=\\"fill: rgb(85, 85, 85);\\" transform=\\"rotate(709.287459262793)\\"></path></g>",
        }
      }
      height="50"
      width="50"
    />
  </div>
</div>
`;

exports[`resources layer spec renders correctly while static 1`] = `
<div
  className="app-loader "
>
  <div
    className="app-loader__spinner"
  >
    <svg
      dangerouslySetInnerHTML={
        Object {
          "__html": "<g transform=\\"translate(25,25) rotate(-90)\\"><path d=\\"M0,25A25,25 0 1,1 0,-25A25,25 0 1,1 0,25M0,20A20,20 0 1,0 0,-20A20,20 0 1,0 0,20Z\\" style=\\"fill: rgb(255, 255, 255); stroke: rgb(204, 204, 204);\\"></path><path class=\\"foreground\\" d=\\"M1.5308084989341915e-15,-25A25,25 0 0,1 25,0L20,0A20,20 0 0,0 1.2246467991473533e-15,-20Z\\" style=\\"fill: rgb(85, 85, 85);\\" transform=\\"rotate(709.287459262793)\\"></path></g>",
        }
      }
      height="50"
      width="50"
    />
  </div>
</div>
`;
